11:51:11 **** Incremental Build of configuration Debug for project telemetry_firmware ****
make -j8 all 
arm-none-eabi-gcc "../Core/Src/main.c" -mcpu=cortex-m3 -std=gnu11 -g3 -DDEBUG -DUSE_HAL_DRIVER -DSTM32F103xB -c -I../Core/Inc -I../Drivers/STM32F1xx_HAL_Driver/Inc -I../Drivers/STM32F1xx_HAL_Driver/Inc/Legacy -I../Drivers/CMSIS/Device/ST/STM32F1xx/Include -I../Drivers/CMSIS/Include -O0 -ffunction-sections -fdata-sections -Wall -fstack-usage -fcyclomatic-complexity -MMD -MP -MF"Core/Src/main.d" -MT"Core/Src/main.o" --specs=nano.specs -mfloat-abi=soft -mthumb -o "Core/Src/main.o"
arm-none-eabi-gcc -o "telemetry_firmware.elf" @"objects.list"   -mcpu=cortex-m3 -T"C:\Users\aaron\final-project-aava7378\stm32\telemetry_firmware\STM32F103RBTX_FLASH.ld" --specs=nosys.specs -Wl,-Map="telemetry_firmware.map" -Wl,--gc-sections -static -u _printf_float --specs=nano.specs -mfloat-abi=soft -mthumb -Wl,--start-group -lc -lm -Wl,--end-group
Finished building target: telemetry_firmware.elf
 
arm-none-eabi-size  telemetry_firmware.elf 
arm-none-eabi-objdump -h -S telemetry_firmware.elf  > "telemetry_firmware.list"
   text	   data	    bss	    dec	    hex	filename
  29488	    468	   2260	  32216	   7dd8	telemetry_firmware.elf
Finished building: default.size.stdout
 
Finished building: telemetry_firmware.list
 
